{
  "version": "1.5.0",
  "plugins_used": [
    {
      "name": "ArtifactoryDetector"
    },
    {
      "name": "AWSKeyDetector"
    },
    {
      "name": "AzureStorageKeyDetector"
    },
    {
      "name": "Base64HighEntropyString",
      "limit": 4.5
    },
    {
      "name": "BasicAuthDetector"
    },
    {
      "name": "CloudantDetector"
    },
    {
      "name": "DiscordBotTokenDetector"
    },
    {
      "name": "GitHubTokenDetector"
    },
    {
      "name": "GitLabTokenDetector"
    },
    {
      "name": "HexHighEntropyString",
      "limit": 3.0
    },
    {
      "name": "IbmCloudIamDetector"
    },
    {
      "name": "IbmCosHmacDetector"
    },
    {
      "name": "IPPublicDetector"
    },
    {
      "name": "JwtTokenDetector"
    },
    {
      "name": "KeywordDetector",
      "keyword_exclude": ""
    },
    {
      "name": "MailchimpDetector"
    },
    {
      "name": "NpmDetector"
    },
    {
      "name": "OpenAIDetector"
    },
    {
      "name": "PrivateKeyDetector"
    },
    {
      "name": "PypiTokenDetector"
    },
    {
      "name": "SendGridDetector"
    },
    {
      "name": "SlackDetector"
    },
    {
      "name": "SoftlayerDetector"
    },
    {
      "name": "SquareOAuthDetector"
    },
    {
      "name": "StripeDetector"
    },
    {
      "name": "TelegramBotTokenDetector"
    },
    {
      "name": "TwilioKeyDetector"
    }
  ],
  "filters_used": [
    {
      "path": "detect_secrets.filters.allowlist.is_line_allowlisted"
    },
    {
      "path": "detect_secrets.filters.common.is_ignored_due_to_verification_policies",
      "min_level": 2
    },
    {
      "path": "detect_secrets.filters.heuristic.is_indirect_reference"
    },
    {
      "path": "detect_secrets.filters.heuristic.is_likely_id_string"
    },
    {
      "path": "detect_secrets.filters.heuristic.is_lock_file"
    },
    {
      "path": "detect_secrets.filters.heuristic.is_not_alphanumeric_string"
    },
    {
      "path": "detect_secrets.filters.heuristic.is_potential_uuid"
    },
    {
      "path": "detect_secrets.filters.heuristic.is_prefixed_with_dollar_sign"
    },
    {
      "path": "detect_secrets.filters.heuristic.is_sequential_string"
    },
    {
      "path": "detect_secrets.filters.heuristic.is_swagger_file"
    },
    {
      "path": "detect_secrets.filters.heuristic.is_templated_secret"
    },
    {
      "path": "detect_secrets.filters.regex.should_exclude_file",
      "pattern": [
        "\\.parquet$|seeds/|data/|\\.lock$|package-lock\\.json$|node_modules/|\\.next/|playwright-report/"
      ]
    }
  ],
  "results": {
    ".claude\\settings.local.json": [
      {
        "type": "Basic Auth Credentials",
        "filename": ".claude\\settings.local.json",
        "hashed_secret": "f865b53623b121fd34ee5426c792e5c33af8c227",
        "is_verified": false,
        "line_number": 176
      },
      {
        "type": "Base64 High Entropy String",
        "filename": ".claude\\settings.local.json",
        "hashed_secret": "8a615e1789f0be3f2643897495cd04c785ad9783",
        "is_verified": false,
        "line_number": 359
      },
      {
        "type": "Base64 High Entropy String",
        "filename": ".claude\\settings.local.json",
        "hashed_secret": "bbfbe34075d91282b4df1a3c355ec32563a63732",
        "is_verified": false,
        "line_number": 400
      },
      {
        "type": "Base64 High Entropy String",
        "filename": ".claude\\settings.local.json",
        "hashed_secret": "ac0887cd43f9b1488b506f87408c80411b719c62",
        "is_verified": false,
        "line_number": 473
      },
      {
        "type": "Base64 High Entropy String",
        "filename": ".claude\\settings.local.json",
        "hashed_secret": "184fa9ef4188dbc91a157beb29fc390ad34289bc",
        "is_verified": false,
        "line_number": 474
      },
      {
        "type": "Secret Keyword",
        "filename": ".claude\\settings.local.json",
        "hashed_secret": "184fa9ef4188dbc91a157beb29fc390ad34289bc",
        "is_verified": false,
        "line_number": 474
      }
    ],
    ".env.example": [
      {
        "type": "Basic Auth Credentials",
        "filename": ".env.example",
        "hashed_secret": "112bb791304791ddcf692e29fd5cf149b35fea37",
        "is_verified": false,
        "line_number": 58
      },
      {
        "type": "Basic Auth Credentials",
        "filename": ".env.example",
        "hashed_secret": "7205a0abf00d1daec13c63ece029057c974795a9",
        "is_verified": false,
        "line_number": 384
      }
    ],
    ".github\\workflows\\ci.yml": [
      {
        "type": "Secret Keyword",
        "filename": ".github\\workflows\\ci.yml",
        "hashed_secret": "a94a8fe5ccb19ba61c4c0873d391e987982fbbd3",
        "is_verified": false,
        "line_number": 117
      },
      {
        "type": "Basic Auth Credentials",
        "filename": ".github\\workflows\\ci.yml",
        "hashed_secret": "a94a8fe5ccb19ba61c4c0873d391e987982fbbd3",
        "is_verified": false,
        "line_number": 162
      }
    ],
    "airflow\\dags\\extractors\\config.yaml": [
      {
        "type": "Secret Keyword",
        "filename": "airflow\\dags\\extractors\\config.yaml",
        "hashed_secret": "a4de15a537ac10a24fc4a0cd152fbd6d0e1adf46",
        "is_verified": false,
        "line_number": 38
      }
    ],
    "config\\contracts\\v1_contract.json": [
      {
        "type": "Hex High Entropy String",
        "filename": "config\\contracts\\v1_contract.json",
        "hashed_secret": "e594b379ed3c07cebb426faa8151aa079d1ed31a",
        "is_verified": false,
        "line_number": 35
      }
    ],
    "config\\contracts\\v20260202_004659_contract.json": [
      {
        "type": "Hex High Entropy String",
        "filename": "config\\contracts\\v20260202_004659_contract.json",
        "hashed_secret": "932c85324d9a18e0e853a184f118af3ded286fa2",
        "is_verified": false,
        "line_number": 30
      },
      {
        "type": "Hex High Entropy String",
        "filename": "config\\contracts\\v20260202_004659_contract.json",
        "hashed_secret": "7c4122246096ada6131834634abeae97efb68015",
        "is_verified": false,
        "line_number": 32
      }
    ],
    "config\\contracts\\v20260202_005352_contract.json": [
      {
        "type": "Hex High Entropy String",
        "filename": "config\\contracts\\v20260202_005352_contract.json",
        "hashed_secret": "ebc1c42f100449e8de2d32c5635c7f62abd126e1",
        "is_verified": false,
        "line_number": 30
      }
    ],
    "config\\contracts\\v20260202_010034_contract.json": [
      {
        "type": "Hex High Entropy String",
        "filename": "config\\contracts\\v20260202_010034_contract.json",
        "hashed_secret": "f1be6a81792a1eab34b7020705780f936c9cab68",
        "is_verified": false,
        "line_number": 30
      },
      {
        "type": "Hex High Entropy String",
        "filename": "config\\contracts\\v20260202_010034_contract.json",
        "hashed_secret": "8c3ec98592be809c1b0c65347f17a5f468f2976d",
        "is_verified": false,
        "line_number": 32
      }
    ],
    "config\\contracts\\v20260202_013110_contract.json": [
      {
        "type": "Hex High Entropy String",
        "filename": "config\\contracts\\v20260202_013110_contract.json",
        "hashed_secret": "38cd46edcbe387ba2ef431536f85eba9dff0bd9d",
        "is_verified": false,
        "line_number": 30
      },
      {
        "type": "Hex High Entropy String",
        "filename": "config\\contracts\\v20260202_013110_contract.json",
        "hashed_secret": "53a708130f5b92d035139172ecba2c608a386247",
        "is_verified": false,
        "line_number": 32
      }
    ],
    "config\\contracts\\v20260202_014956_contract.json": [
      {
        "type": "Hex High Entropy String",
        "filename": "config\\contracts\\v20260202_014956_contract.json",
        "hashed_secret": "3b6055305c0169475f4d8e41b090b0c57ef247a5",
        "is_verified": false,
        "line_number": 30
      },
      {
        "type": "Hex High Entropy String",
        "filename": "config\\contracts\\v20260202_014956_contract.json",
        "hashed_secret": "7b35e6aa474dcc5d629c4cf8d879a4a8ec2ac577",
        "is_verified": false,
        "line_number": 32
      }
    ],
    "config\\contracts\\v20260202_025605_contract.json": [
      {
        "type": "Hex High Entropy String",
        "filename": "config\\contracts\\v20260202_025605_contract.json",
        "hashed_secret": "ae7f99e7b73384ff56d44aef44fb95111b8f5354",
        "is_verified": false,
        "line_number": 30
      },
      {
        "type": "Hex High Entropy String",
        "filename": "config\\contracts\\v20260202_025605_contract.json",
        "hashed_secret": "a329dad98a206b6a277f3723d82a18969d8b7575",
        "is_verified": false,
        "line_number": 32
      }
    ],
    "config\\contracts\\v20260202_082945_contract.json": [
      {
        "type": "Hex High Entropy String",
        "filename": "config\\contracts\\v20260202_082945_contract.json",
        "hashed_secret": "30ef093be4880fc08f221f454db69d0873c4590a",
        "is_verified": false,
        "line_number": 30
      }
    ],
    "config\\contracts\\v20260202_093951_contract.json": [
      {
        "type": "Hex High Entropy String",
        "filename": "config\\contracts\\v20260202_093951_contract.json",
        "hashed_secret": "8a9a8fc1ea470aae049ff4e3fb52a08cfff727d2",
        "is_verified": false,
        "line_number": 30
      },
      {
        "type": "Hex High Entropy String",
        "filename": "config\\contracts\\v20260202_093951_contract.json",
        "hashed_secret": "e506766fae1fd1bb03063313b9efd3ab8fe14035",
        "is_verified": false,
        "line_number": 32
      }
    ],
    "config\\contracts\\v20260202_104456_contract.json": [
      {
        "type": "Hex High Entropy String",
        "filename": "config\\contracts\\v20260202_104456_contract.json",
        "hashed_secret": "7d0da8e63f60f0fac847ae0b67a457557332f04d",
        "is_verified": false,
        "line_number": 30
      },
      {
        "type": "Hex High Entropy String",
        "filename": "config\\contracts\\v20260202_104456_contract.json",
        "hashed_secret": "15717632907a5abc5642cb5bd82dcc849e9724ef",
        "is_verified": false,
        "line_number": 32
      }
    ],
    "config\\contracts\\v20260202_120619_contract.json": [
      {
        "type": "Hex High Entropy String",
        "filename": "config\\contracts\\v20260202_120619_contract.json",
        "hashed_secret": "a3fc9a32b203ad7a08f1b26850a76d74a6dfbbd8",
        "is_verified": false,
        "line_number": 30
      },
      {
        "type": "Hex High Entropy String",
        "filename": "config\\contracts\\v20260202_120619_contract.json",
        "hashed_secret": "40069aa98d503d3b51b204d1ba73f334ecad993e",
        "is_verified": false,
        "line_number": 32
      }
    ],
    "config\\contracts\\v20260202_122711_contract.json": [
      {
        "type": "Hex High Entropy String",
        "filename": "config\\contracts\\v20260202_122711_contract.json",
        "hashed_secret": "38dc4c1a8a21da4955ec4eecc57cc10102b2d6e8",
        "is_verified": false,
        "line_number": 30
      },
      {
        "type": "Hex High Entropy String",
        "filename": "config\\contracts\\v20260202_122711_contract.json",
        "hashed_secret": "74fda5d169427981ae9e21c5b6c9b8e1fe5b4a8b",
        "is_verified": false,
        "line_number": 32
      }
    ],
    "config\\contracts\\v20260202_133140_contract.json": [
      {
        "type": "Hex High Entropy String",
        "filename": "config\\contracts\\v20260202_133140_contract.json",
        "hashed_secret": "9e32f9ab47a7a49420ef9858f5d19ec7c40551da",
        "is_verified": false,
        "line_number": 30
      },
      {
        "type": "Hex High Entropy String",
        "filename": "config\\contracts\\v20260202_133140_contract.json",
        "hashed_secret": "1b07933f9e352b1be39f7bb16114f25cc9e1c7aa",
        "is_verified": false,
        "line_number": 32
      }
    ],
    "config\\contracts\\v20260202_134115_contract.json": [
      {
        "type": "Hex High Entropy String",
        "filename": "config\\contracts\\v20260202_134115_contract.json",
        "hashed_secret": "a43a1479167f733898cf751b2f7810eec6772be9",
        "is_verified": false,
        "line_number": 30
      },
      {
        "type": "Hex High Entropy String",
        "filename": "config\\contracts\\v20260202_134115_contract.json",
        "hashed_secret": "0d230d8ce4d9b7f219ea8847d6f2b4fa5c59313c",
        "is_verified": false,
        "line_number": 32
      }
    ],
    "config\\contracts\\v20260202_135120_contract.json": [
      {
        "type": "Hex High Entropy String",
        "filename": "config\\contracts\\v20260202_135120_contract.json",
        "hashed_secret": "420768da2542c540a77ac79ee2d54a4d2d0a5d34",
        "is_verified": false,
        "line_number": 30
      },
      {
        "type": "Hex High Entropy String",
        "filename": "config\\contracts\\v20260202_135120_contract.json",
        "hashed_secret": "7c317881a8f3a38dd3f134952e49e8c00f226646",
        "is_verified": false,
        "line_number": 32
      }
    ],
    "config\\contracts\\v20260202_144923_contract.json": [
      {
        "type": "Hex High Entropy String",
        "filename": "config\\contracts\\v20260202_144923_contract.json",
        "hashed_secret": "ad45f26688097570251169b57c4c52fffc1f3ceb",
        "is_verified": false,
        "line_number": 30
      },
      {
        "type": "Hex High Entropy String",
        "filename": "config\\contracts\\v20260202_144923_contract.json",
        "hashed_secret": "3a02f1f1853a618b349502b8b51e9735e85fbe04",
        "is_verified": false,
        "line_number": 32
      }
    ],
    "config\\contracts\\v20260202_145246_contract.json": [
      {
        "type": "Hex High Entropy String",
        "filename": "config\\contracts\\v20260202_145246_contract.json",
        "hashed_secret": "bf3fb4252420c1d0a6c128d34253a6330817d4e2",
        "is_verified": false,
        "line_number": 30
      },
      {
        "type": "Hex High Entropy String",
        "filename": "config\\contracts\\v20260202_145246_contract.json",
        "hashed_secret": "e795a1e3d08803547c01695982a6ce48ab8e355a",
        "is_verified": false,
        "line_number": 32
      }
    ],
    "config\\contracts\\v20260202_145724_contract.json": [
      {
        "type": "Hex High Entropy String",
        "filename": "config\\contracts\\v20260202_145724_contract.json",
        "hashed_secret": "eca72d155de1a3b421c01f1fb372c4249545705b",
        "is_verified": false,
        "line_number": 30
      },
      {
        "type": "Hex High Entropy String",
        "filename": "config\\contracts\\v20260202_145724_contract.json",
        "hashed_secret": "8976fbdbe00eb2d27698f0602a8ebe0427dc9f7e",
        "is_verified": false,
        "line_number": 32
      }
    ],
    "config\\contracts\\v20260202_151943_contract.json": [
      {
        "type": "Hex High Entropy String",
        "filename": "config\\contracts\\v20260202_151943_contract.json",
        "hashed_secret": "08aad12613528f0d8fd3321ca9ab28c417a9f053",
        "is_verified": false,
        "line_number": 30
      },
      {
        "type": "Hex High Entropy String",
        "filename": "config\\contracts\\v20260202_151943_contract.json",
        "hashed_secret": "701284d3e49cd9213543eee426d5f0faa18a80a9",
        "is_verified": false,
        "line_number": 32
      }
    ],
    "config\\contracts\\v20260202_163037_contract.json": [
      {
        "type": "Hex High Entropy String",
        "filename": "config\\contracts\\v20260202_163037_contract.json",
        "hashed_secret": "f7baa4a46fed7fecc1330d671bdd8ab41c293b94",
        "is_verified": false,
        "line_number": 30
      },
      {
        "type": "Hex High Entropy String",
        "filename": "config\\contracts\\v20260202_163037_contract.json",
        "hashed_secret": "a5ada6f918d4672b636325043158d351019c9406",
        "is_verified": false,
        "line_number": 32
      }
    ],
    "config\\contracts\\v20260202_171213_contract.json": [
      {
        "type": "Hex High Entropy String",
        "filename": "config\\contracts\\v20260202_171213_contract.json",
        "hashed_secret": "133f5957030f93447440ef976cc3ac4560bc9def",
        "is_verified": false,
        "line_number": 30
      },
      {
        "type": "Hex High Entropy String",
        "filename": "config\\contracts\\v20260202_171213_contract.json",
        "hashed_secret": "a61a744f60781319aaa77a0ad27f21cc77e02b15",
        "is_verified": false,
        "line_number": 32
      }
    ],
    "config\\contracts\\v20260202_171454_contract.json": [
      {
        "type": "Hex High Entropy String",
        "filename": "config\\contracts\\v20260202_171454_contract.json",
        "hashed_secret": "c5376ee3c6599043951567ffd2318328d5408e51",
        "is_verified": false,
        "line_number": 30
      },
      {
        "type": "Hex High Entropy String",
        "filename": "config\\contracts\\v20260202_171454_contract.json",
        "hashed_secret": "47d2f608f6a270bafd9ef2160feeac7343dc8a04",
        "is_verified": false,
        "line_number": 32
      }
    ],
    "config\\contracts\\v20260202_171611_contract.json": [
      {
        "type": "Hex High Entropy String",
        "filename": "config\\contracts\\v20260202_171611_contract.json",
        "hashed_secret": "554d50e4c6447f8f08056e0f449b70ce54292790",
        "is_verified": false,
        "line_number": 30
      }
    ],
    "config\\contracts\\v20260202_194516_contract.json": [
      {
        "type": "Hex High Entropy String",
        "filename": "config\\contracts\\v20260202_194516_contract.json",
        "hashed_secret": "0b57219fa6bcebb0ccec7a7ac766638964003838",
        "is_verified": false,
        "line_number": 30
      },
      {
        "type": "Hex High Entropy String",
        "filename": "config\\contracts\\v20260202_194516_contract.json",
        "hashed_secret": "8b57f1e25faf154e269152c3a339f715f692ba12",
        "is_verified": false,
        "line_number": 32
      }
    ],
    "config\\contracts\\v20260202_204451_contract.json": [
      {
        "type": "Hex High Entropy String",
        "filename": "config\\contracts\\v20260202_204451_contract.json",
        "hashed_secret": "37951b668d2bd6a0bdee88509352809c61666231",
        "is_verified": false,
        "line_number": 30
      }
    ],
    "config\\contracts\\v20260202_212717_contract.json": [
      {
        "type": "Hex High Entropy String",
        "filename": "config\\contracts\\v20260202_212717_contract.json",
        "hashed_secret": "92e01c2e6d7a44535fcbcbafacf5a07405b02a59",
        "is_verified": false,
        "line_number": 30
      },
      {
        "type": "Hex High Entropy String",
        "filename": "config\\contracts\\v20260202_212717_contract.json",
        "hashed_secret": "c05600387c177e7cf378319f6c1918cdd3fa6630",
        "is_verified": false,
        "line_number": 32
      }
    ],
    "config\\contracts\\v20260202_215619_contract.json": [
      {
        "type": "Hex High Entropy String",
        "filename": "config\\contracts\\v20260202_215619_contract.json",
        "hashed_secret": "9662bdecf9b75f7e867ecdf9dd7e0c83f2efbe4b",
        "is_verified": false,
        "line_number": 30
      }
    ],
    "config\\contracts\\v20260202_225016_contract.json": [
      {
        "type": "Hex High Entropy String",
        "filename": "config\\contracts\\v20260202_225016_contract.json",
        "hashed_secret": "884993972e03beb65212024a8e771892badc4a83",
        "is_verified": false,
        "line_number": 30
      },
      {
        "type": "Hex High Entropy String",
        "filename": "config\\contracts\\v20260202_225016_contract.json",
        "hashed_secret": "d7f31037fefae82044935df61a59310423d88c99",
        "is_verified": false,
        "line_number": 32
      }
    ],
    "config\\contracts\\v20260202_233609_contract.json": [
      {
        "type": "Hex High Entropy String",
        "filename": "config\\contracts\\v20260202_233609_contract.json",
        "hashed_secret": "9994bdc6c95a9f7e51fca5a1b2c885fb462a766c",
        "is_verified": false,
        "line_number": 30
      },
      {
        "type": "Hex High Entropy String",
        "filename": "config\\contracts\\v20260202_233609_contract.json",
        "hashed_secret": "a058c6a656cbf83e8ca1b20ec4ab198bbbcd99a1",
        "is_verified": false,
        "line_number": 32
      }
    ],
    "config\\contracts\\v20260202_234045_contract.json": [
      {
        "type": "Hex High Entropy String",
        "filename": "config\\contracts\\v20260202_234045_contract.json",
        "hashed_secret": "8a994b81e04ad50b5bddb1fd5ed2b81f75239a8e",
        "is_verified": false,
        "line_number": 30
      },
      {
        "type": "Hex High Entropy String",
        "filename": "config\\contracts\\v20260202_234045_contract.json",
        "hashed_secret": "a192345089f4c242e3137420413686ab133c2d84",
        "is_verified": false,
        "line_number": 32
      }
    ],
    "config\\contracts\\v20260203_092854_contract.json": [
      {
        "type": "Hex High Entropy String",
        "filename": "config\\contracts\\v20260203_092854_contract.json",
        "hashed_secret": "4f79b930df5e2f5919efa34cff0424c22c329cea",
        "is_verified": false,
        "line_number": 35
      },
      {
        "type": "Hex High Entropy String",
        "filename": "config\\contracts\\v20260203_092854_contract.json",
        "hashed_secret": "5d13f17315b803f3d5610c4d297782c85e1fe348",
        "is_verified": false,
        "line_number": 37
      }
    ],
    "config\\contracts\\v2_contract.json": [
      {
        "type": "Hex High Entropy String",
        "filename": "config\\contracts\\v2_contract.json",
        "hashed_secret": "875143a9537abf8231801bf5b8a47ce047b0fbfc",
        "is_verified": false,
        "line_number": 30
      }
    ],
    "config\\contracts\\v3_18f_contract.json": [
      {
        "type": "Hex High Entropy String",
        "filename": "config\\contracts\\v3_18f_contract.json",
        "hashed_secret": "15e8a3ae461a39b59ecf313e781653ebaaeb2aba",
        "is_verified": false,
        "line_number": 35
      },
      {
        "type": "Hex High Entropy String",
        "filename": "config\\contracts\\v3_18f_contract.json",
        "hashed_secret": "e82990332dd8e5480884ea185e35da21e5004db1",
        "is_verified": false,
        "line_number": 37
      }
    ],
    "config\\contracts\\v3_18f_final2_contract.json": [
      {
        "type": "Hex High Entropy String",
        "filename": "config\\contracts\\v3_18f_final2_contract.json",
        "hashed_secret": "aaa48e3d713b7542e0e3a92bf4a2ee46f9b52706",
        "is_verified": false,
        "line_number": 35
      },
      {
        "type": "Hex High Entropy String",
        "filename": "config\\contracts\\v3_18f_final2_contract.json",
        "hashed_secret": "0e8ac89a04d5192523bcfab756c56a0a862fd426",
        "is_verified": false,
        "line_number": 37
      }
    ],
    "config\\contracts\\v3_18f_final_contract.json": [
      {
        "type": "Hex High Entropy String",
        "filename": "config\\contracts\\v3_18f_final_contract.json",
        "hashed_secret": "67b308fb1e9c00b878e0142e4b97507ea56c693c",
        "is_verified": false,
        "line_number": 35
      },
      {
        "type": "Hex High Entropy String",
        "filename": "config\\contracts\\v3_18f_final_contract.json",
        "hashed_secret": "136aca2587b93e7934ffc9299d823a57d2f6292b",
        "is_verified": false,
        "line_number": 37
      }
    ],
    "config\\contracts\\v3_18f_fix_contract.json": [
      {
        "type": "Hex High Entropy String",
        "filename": "config\\contracts\\v3_18f_fix_contract.json",
        "hashed_secret": "0b81f3b51fd4a1f91e28f22d531fa2d3aa7996b8",
        "is_verified": false,
        "line_number": 35
      },
      {
        "type": "Hex High Entropy String",
        "filename": "config\\contracts\\v3_18f_fix_contract.json",
        "hashed_secret": "80568d44695bffc1c9008f366ea9bfad27bf56ce",
        "is_verified": false,
        "line_number": 37
      }
    ],
    "config\\contracts\\v3_18f_prod_contract.json": [
      {
        "type": "Hex High Entropy String",
        "filename": "config\\contracts\\v3_18f_prod_contract.json",
        "hashed_secret": "cba9416df90e6158d029875bf6661ce18c5c5fe4",
        "is_verified": false,
        "line_number": 35
      },
      {
        "type": "Hex High Entropy String",
        "filename": "config\\contracts\\v3_18f_prod_contract.json",
        "hashed_secret": "bc1d3d5af9af4e897fb19270eee297be3db9f7a8",
        "is_verified": false,
        "line_number": 37
      }
    ],
    "config\\contracts\\v3_18f_r2_contract.json": [
      {
        "type": "Hex High Entropy String",
        "filename": "config\\contracts\\v3_18f_r2_contract.json",
        "hashed_secret": "58ea5eaca10c31869a1293e07ed4eea4e8b9e537",
        "is_verified": false,
        "line_number": 35
      },
      {
        "type": "Hex High Entropy String",
        "filename": "config\\contracts\\v3_18f_r2_contract.json",
        "hashed_secret": "995bcf9ddaef6971cc5482a9baa90673bfefad61",
        "is_verified": false,
        "line_number": 37
      }
    ],
    "config\\contracts\\v3_18f_r3_contract.json": [
      {
        "type": "Hex High Entropy String",
        "filename": "config\\contracts\\v3_18f_r3_contract.json",
        "hashed_secret": "98d55573098ce1fee3a43333419c8fdf2aef86fc",
        "is_verified": false,
        "line_number": 35
      },
      {
        "type": "Hex High Entropy String",
        "filename": "config\\contracts\\v3_18f_r3_contract.json",
        "hashed_secret": "5e84fc0f01890582d1d2ad8d71c12e7497adb9f9",
        "is_verified": false,
        "line_number": 37
      }
    ],
    "config\\contracts\\v3_18f_r4_contract.json": [
      {
        "type": "Hex High Entropy String",
        "filename": "config\\contracts\\v3_18f_r4_contract.json",
        "hashed_secret": "7c14fc10943ebbe8724765693b2848271482080e",
        "is_verified": false,
        "line_number": 35
      }
    ],
    "config\\l0_macro_sources.yaml": [
      {
        "type": "Secret Keyword",
        "filename": "config\\l0_macro_sources.yaml",
        "hashed_secret": "a4de15a537ac10a24fc4a0cd152fbd6d0e1adf46",
        "is_verified": false,
        "line_number": 108
      },
      {
        "type": "Secret Keyword",
        "filename": "config\\l0_macro_sources.yaml",
        "hashed_secret": "8c8821ec9ec041a6a6a722f0645f9c505cf26af5",
        "is_verified": false,
        "line_number": 109
      },
      {
        "type": "Secret Keyword",
        "filename": "config\\l0_macro_sources.yaml",
        "hashed_secret": "5fca22f199ef87dff1cbf44e57e610c161f2e4a2",
        "is_verified": false,
        "line_number": 144
      },
      {
        "type": "Secret Keyword",
        "filename": "config\\l0_macro_sources.yaml",
        "hashed_secret": "516e63a461f72ba7ce126cd06026abd53dee00bb",
        "is_verified": false,
        "line_number": 145
      }
    ],
    "config\\macro_variables_ssot.yaml": [
      {
        "type": "Secret Keyword",
        "filename": "config\\macro_variables_ssot.yaml",
        "hashed_secret": "a4de15a537ac10a24fc4a0cd152fbd6d0e1adf46",
        "is_verified": false,
        "line_number": 60
      },
      {
        "type": "Secret Keyword",
        "filename": "config\\macro_variables_ssot.yaml",
        "hashed_secret": "5fca22f199ef87dff1cbf44e57e610c161f2e4a2",
        "is_verified": false,
        "line_number": 83
      }
    ],
    "config\\storage_config.yaml": [
      {
        "type": "Secret Keyword",
        "filename": "config\\storage_config.yaml",
        "hashed_secret": "bc565f6e909ec7d3c18e2ff5d9eeb2300ff20b7f",
        "is_verified": false,
        "line_number": 19
      }
    ],
    "data\\backups\\full_backup_20260114_153824\\config\\pipeline_health_config.yaml": [
      {
        "type": "Secret Keyword",
        "filename": "data\\backups\\full_backup_20260114_153824\\config\\pipeline_health_config.yaml",
        "hashed_secret": "ba57350925f461ddd4e55e9082e21c8edc3bbe60",
        "is_verified": false,
        "line_number": 18
      },
      {
        "type": "Secret Keyword",
        "filename": "data\\backups\\full_backup_20260114_153824\\config\\pipeline_health_config.yaml",
        "hashed_secret": "84c32f7e9b056a172858787197c1d8c9b099554f",
        "is_verified": false,
        "line_number": 24
      },
      {
        "type": "Secret Keyword",
        "filename": "data\\backups\\full_backup_20260114_153824\\config\\pipeline_health_config.yaml",
        "hashed_secret": "edbd79e64b15105cdaa27fb7efd3c3e054eac138",
        "is_verified": false,
        "line_number": 30
      },
      {
        "type": "Secret Keyword",
        "filename": "data\\backups\\full_backup_20260114_153824\\config\\pipeline_health_config.yaml",
        "hashed_secret": "f865b53623b121fd34ee5426c792e5c33af8c227",
        "is_verified": false,
        "line_number": 36
      }
    ],
    "data\\backups\\full_backup_20260114_153824\\config\\twelve_data_config.yaml": [
      {
        "type": "Hex High Entropy String",
        "filename": "data\\backups\\full_backup_20260114_153824\\config\\twelve_data_config.yaml",
        "hashed_secret": "317844231b53779249c4a58b542774768b5da8a8",
        "is_verified": false,
        "line_number": 13
      },
      {
        "type": "Secret Keyword",
        "filename": "data\\backups\\full_backup_20260114_153824\\config\\twelve_data_config.yaml",
        "hashed_secret": "317844231b53779249c4a58b542774768b5da8a8",
        "is_verified": false,
        "line_number": 13
      }
    ],
    "data\\backups\\full_backup_20260114_153824\\docker\\docker-compose.yml": [
      {
        "type": "Secret Keyword",
        "filename": "data\\backups\\full_backup_20260114_153824\\docker\\docker-compose.yml",
        "hashed_secret": "97cdbdc7feff827efb082a6b6dd2727237cd49fd",
        "is_verified": false,
        "line_number": 587
      },
      {
        "type": "Secret Keyword",
        "filename": "data\\backups\\full_backup_20260114_153824\\docker\\docker-compose.yml",
        "hashed_secret": "69743dc62620d79fb0753ddd35ae4ea56feafc20",
        "is_verified": false,
        "line_number": 639
      }
    ],
    "data\\backups\\full_backup_20260114_153824\\env\\.env": [
      {
        "type": "Secret Keyword",
        "filename": "data\\backups\\full_backup_20260114_153824\\env\\.env",
        "hashed_secret": "f865b53623b121fd34ee5426c792e5c33af8c227",
        "is_verified": false,
        "line_number": 12
      },
      {
        "type": "Secret Keyword",
        "filename": "data\\backups\\full_backup_20260114_153824\\env\\.env",
        "hashed_secret": "84c32f7e9b056a172858787197c1d8c9b099554f",
        "is_verified": false,
        "line_number": 18
      },
      {
        "type": "Secret Keyword",
        "filename": "data\\backups\\full_backup_20260114_153824\\env\\.env",
        "hashed_secret": "edbd79e64b15105cdaa27fb7efd3c3e054eac138",
        "is_verified": false,
        "line_number": 24
      },
      {
        "type": "Base64 High Entropy String",
        "filename": "data\\backups\\full_backup_20260114_153824\\env\\.env",
        "hashed_secret": "dcc19c0473c91c838e31e80090a9f3307e62cac2",
        "is_verified": false,
        "line_number": 31
      },
      {
        "type": "Base64 High Entropy String",
        "filename": "data\\backups\\full_backup_20260114_153824\\env\\.env",
        "hashed_secret": "3d78077619487fe72d0c7bfc981a2898e344f37c",
        "is_verified": false,
        "line_number": 32
      },
      {
        "type": "Secret Keyword",
        "filename": "data\\backups\\full_backup_20260114_153824\\env\\.env",
        "hashed_secret": "3d78077619487fe72d0c7bfc981a2898e344f37c",
        "is_verified": false,
        "line_number": 32
      },
      {
        "type": "Hex High Entropy String",
        "filename": "data\\backups\\full_backup_20260114_153824\\env\\.env",
        "hashed_secret": "6be83f53224ad48ec56dbec79342a93d66fbdde7",
        "is_verified": false,
        "line_number": 51
      },
      {
        "type": "Secret Keyword",
        "filename": "data\\backups\\full_backup_20260114_153824\\env\\.env",
        "hashed_secret": "6be83f53224ad48ec56dbec79342a93d66fbdde7",
        "is_verified": false,
        "line_number": 51
      },
      {
        "type": "Hex High Entropy String",
        "filename": "data\\backups\\full_backup_20260114_153824\\env\\.env",
        "hashed_secret": "221c74f54b16a481ec213b33a3403e09b5577b13",
        "is_verified": false,
        "line_number": 52
      },
      {
        "type": "Secret Keyword",
        "filename": "data\\backups\\full_backup_20260114_153824\\env\\.env",
        "hashed_secret": "221c74f54b16a481ec213b33a3403e09b5577b13",
        "is_verified": false,
        "line_number": 52
      },
      {
        "type": "Hex High Entropy String",
        "filename": "data\\backups\\full_backup_20260114_153824\\env\\.env",
        "hashed_secret": "e82d5939bf7464345a94f48c883cbc9fa0365d7c",
        "is_verified": false,
        "line_number": 53
      },
      {
        "type": "Secret Keyword",
        "filename": "data\\backups\\full_backup_20260114_153824\\env\\.env",
        "hashed_secret": "e82d5939bf7464345a94f48c883cbc9fa0365d7c",
        "is_verified": false,
        "line_number": 53
      },
      {
        "type": "Hex High Entropy String",
        "filename": "data\\backups\\full_backup_20260114_153824\\env\\.env",
        "hashed_secret": "e21a59ffd8ef2529827f786f5120213beaac0700",
        "is_verified": false,
        "line_number": 54
      },
      {
        "type": "Secret Keyword",
        "filename": "data\\backups\\full_backup_20260114_153824\\env\\.env",
        "hashed_secret": "e21a59ffd8ef2529827f786f5120213beaac0700",
        "is_verified": false,
        "line_number": 54
      },
      {
        "type": "Hex High Entropy String",
        "filename": "data\\backups\\full_backup_20260114_153824\\env\\.env",
        "hashed_secret": "cd21bc542136f1b3ff066169cf69475a7723c234",
        "is_verified": false,
        "line_number": 55
      },
      {
        "type": "Secret Keyword",
        "filename": "data\\backups\\full_backup_20260114_153824\\env\\.env",
        "hashed_secret": "cd21bc542136f1b3ff066169cf69475a7723c234",
        "is_verified": false,
        "line_number": 55
      },
      {
        "type": "Hex High Entropy String",
        "filename": "data\\backups\\full_backup_20260114_153824\\env\\.env",
        "hashed_secret": "d7a89611e5b0ee9f059e4e8eda10c089cbd32e88",
        "is_verified": false,
        "line_number": 56
      },
      {
        "type": "Secret Keyword",
        "filename": "data\\backups\\full_backup_20260114_153824\\env\\.env",
        "hashed_secret": "d7a89611e5b0ee9f059e4e8eda10c089cbd32e88",
        "is_verified": false,
        "line_number": 56
      },
      {
        "type": "Hex High Entropy String",
        "filename": "data\\backups\\full_backup_20260114_153824\\env\\.env",
        "hashed_secret": "dd9926853e40f9278a52e76bcaafb5480dc8dd54",
        "is_verified": false,
        "line_number": 57
      },
      {
        "type": "Secret Keyword",
        "filename": "data\\backups\\full_backup_20260114_153824\\env\\.env",
        "hashed_secret": "dd9926853e40f9278a52e76bcaafb5480dc8dd54",
        "is_verified": false,
        "line_number": 57
      },
      {
        "type": "Hex High Entropy String",
        "filename": "data\\backups\\full_backup_20260114_153824\\env\\.env",
        "hashed_secret": "2aec061f7661a3eadd66d8112aa801f02ad2dd87",
        "is_verified": false,
        "line_number": 58
      },
      {
        "type": "Secret Keyword",
        "filename": "data\\backups\\full_backup_20260114_153824\\env\\.env",
        "hashed_secret": "2aec061f7661a3eadd66d8112aa801f02ad2dd87",
        "is_verified": false,
        "line_number": 58
      },
      {
        "type": "Hex High Entropy String",
        "filename": "data\\backups\\full_backup_20260114_153824\\env\\.env",
        "hashed_secret": "c9ae5c5ba45674956e6f89ecc3055c63153e3338",
        "is_verified": false,
        "line_number": 76
      },
      {
        "type": "Secret Keyword",
        "filename": "data\\backups\\full_backup_20260114_153824\\env\\.env",
        "hashed_secret": "c9ae5c5ba45674956e6f89ecc3055c63153e3338",
        "is_verified": false,
        "line_number": 76
      },
      {
        "type": "Secret Keyword",
        "filename": "data\\backups\\full_backup_20260114_153824\\env\\.env",
        "hashed_secret": "89e495e7941cf9e40e6980d14a16bf023ccd4c91",
        "is_verified": false,
        "line_number": 101
      },
      {
        "type": "Hex High Entropy String",
        "filename": "data\\backups\\full_backup_20260114_153824\\env\\.env",
        "hashed_secret": "3820e3514efd9482e07b110a36d8c8e353b795a1",
        "is_verified": false,
        "line_number": 128
      },
      {
        "type": "Secret Keyword",
        "filename": "data\\backups\\full_backup_20260114_153824\\env\\.env",
        "hashed_secret": "3820e3514efd9482e07b110a36d8c8e353b795a1",
        "is_verified": false,
        "line_number": 128
      }
    ],
    "data\\backups\\full_backup_20260114_153824\\env\\.env.example": [
      {
        "type": "Basic Auth Credentials",
        "filename": "data\\backups\\full_backup_20260114_153824\\env\\.env.example",
        "hashed_secret": "112bb791304791ddcf692e29fd5cf149b35fea37",
        "is_verified": false,
        "line_number": 25
      }
    ],
    "data\\pipeline\\07_output\\1h\\DS_production_lineage.json": [
      {
        "type": "Hex High Entropy String",
        "filename": "data\\pipeline\\07_output\\1h\\DS_production_lineage.json",
        "hashed_secret": "ec51fba225f94ae84fc0403412ad00f0045875f2",
        "is_verified": false,
        "line_number": 25
      }
    ],
    "data\\pipeline\\07_output\\1h\\l2_result.json": [
      {
        "type": "Hex High Entropy String",
        "filename": "data\\pipeline\\07_output\\1h\\l2_result.json",
        "hashed_secret": "ec51fba225f94ae84fc0403412ad00f0045875f2",
        "is_verified": false,
        "line_number": 54
      }
    ],
    "data\\pipeline\\07_output\\5min\\DS_default_lineage.json": [
      {
        "type": "Hex High Entropy String",
        "filename": "data\\pipeline\\07_output\\5min\\DS_default_lineage.json",
        "hashed_secret": "75ac32b438eda44278a2aa34709efd1d61971f49",
        "is_verified": false,
        "line_number": 2
      },
      {
        "type": "Hex High Entropy String",
        "filename": "data\\pipeline\\07_output\\5min\\DS_default_lineage.json",
        "hashed_secret": "90e4c94dac83fc1c943db6fdc59d9986a2414c07",
        "is_verified": false,
        "line_number": 3
      },
      {
        "type": "Hex High Entropy String",
        "filename": "data\\pipeline\\07_output\\5min\\DS_default_lineage.json",
        "hashed_secret": "8a241d2802ed693cc71f687576032d39ddb55d0f",
        "is_verified": false,
        "line_number": 4
      },
      {
        "type": "Hex High Entropy String",
        "filename": "data\\pipeline\\07_output\\5min\\DS_default_lineage.json",
        "hashed_secret": "5a68caeca290f440cd01415305b9a0c189fe44a2",
        "is_verified": false,
        "line_number": 5
      }
    ],
    "data\\pipeline\\07_output\\5min\\DS_production_lineage.json": [
      {
        "type": "Hex High Entropy String",
        "filename": "data\\pipeline\\07_output\\5min\\DS_production_lineage.json",
        "hashed_secret": "6e5ace52269aeb9b968b839673287bbc89865b6b",
        "is_verified": false,
        "line_number": 25
      }
    ],
    "data\\pipeline\\07_output\\5min\\DS_v2_fixed2_lineage.json": [
      {
        "type": "Hex High Entropy String",
        "filename": "data\\pipeline\\07_output\\5min\\DS_v2_fixed2_lineage.json",
        "hashed_secret": "90e4c94dac83fc1c943db6fdc59d9986a2414c07",
        "is_verified": false,
        "line_number": 3
      },
      {
        "type": "Hex High Entropy String",
        "filename": "data\\pipeline\\07_output\\5min\\DS_v2_fixed2_lineage.json",
        "hashed_secret": "7ca2609c7b1b879679b69dd4748326f06354b463",
        "is_verified": false,
        "line_number": 4
      }
    ],
    "data\\pipeline\\07_output\\5min\\DS_v2_fixed_lineage.json": [
      {
        "type": "Hex High Entropy String",
        "filename": "data\\pipeline\\07_output\\5min\\DS_v2_fixed_lineage.json",
        "hashed_secret": "90e4c94dac83fc1c943db6fdc59d9986a2414c07",
        "is_verified": false,
        "line_number": 3
      },
      {
        "type": "Hex High Entropy String",
        "filename": "data\\pipeline\\07_output\\5min\\DS_v2_fixed_lineage.json",
        "hashed_secret": "7ca2609c7b1b879679b69dd4748326f06354b463",
        "is_verified": false,
        "line_number": 4
      },
      {
        "type": "Hex High Entropy String",
        "filename": "data\\pipeline\\07_output\\5min\\DS_v2_fixed_lineage.json",
        "hashed_secret": "ec0415664db290ff9b80a0f58d217a798c2fc538",
        "is_verified": false,
        "line_number": 5
      }
    ],
    "data\\pipeline\\07_output\\5min\\DS_v3_close_only_lineage.json": [
      {
        "type": "Hex High Entropy String",
        "filename": "data\\pipeline\\07_output\\5min\\DS_v3_close_only_lineage.json",
        "hashed_secret": "fa25319e0ebefdecc83d84c4d03259e07139ac91",
        "is_verified": false,
        "line_number": 25
      }
    ],
    "data\\pipeline\\07_output\\5min\\l2_result.json": [
      {
        "type": "Hex High Entropy String",
        "filename": "data\\pipeline\\07_output\\5min\\l2_result.json",
        "hashed_secret": "6e5ace52269aeb9b968b839673287bbc89865b6b",
        "is_verified": false,
        "line_number": 54
      }
    ],
    "data\\pipeline\\07_output\\daily\\DS_production_lineage.json": [
      {
        "type": "Hex High Entropy String",
        "filename": "data\\pipeline\\07_output\\daily\\DS_production_lineage.json",
        "hashed_secret": "6433bfc52ad0c04e4b0e66b0d64e26b90310a357",
        "is_verified": false,
        "line_number": 29
      }
    ],
    "data\\pipeline\\07_output\\daily\\l2_result.json": [
      {
        "type": "Hex High Entropy String",
        "filename": "data\\pipeline\\07_output\\daily\\l2_result.json",
        "hashed_secret": "6433bfc52ad0c04e4b0e66b0d64e26b90310a357",
        "is_verified": false,
        "line_number": 62
      }
    ],
    "data\\pipeline\\07_output\\datasets_5min\\DS10_FLOWS_FUNDAMENTALS_norm_stats.json": [
      {
        "type": "Hex High Entropy String",
        "filename": "data\\pipeline\\07_output\\datasets_5min\\DS10_FLOWS_FUNDAMENTALS_norm_stats.json",
        "hashed_secret": "529c0191e34da68fc83b4e81912061c5dae61f48",
        "is_verified": false,
        "line_number": 68
      }
    ],
    "data\\pipeline\\07_output\\datasets_5min\\DS1_MINIMAL_norm_stats.json": [
      {
        "type": "Hex High Entropy String",
        "filename": "data\\pipeline\\07_output\\datasets_5min\\DS1_MINIMAL_norm_stats.json",
        "hashed_secret": "b431689fc8f7a16222047943258b11f9a9c1ffb8",
        "is_verified": false,
        "line_number": 68
      }
    ],
    "data\\pipeline\\07_output\\datasets_5min\\DS2_TECHNICAL_MTF_norm_stats.json": [
      {
        "type": "Hex High Entropy String",
        "filename": "data\\pipeline\\07_output\\datasets_5min\\DS2_TECHNICAL_MTF_norm_stats.json",
        "hashed_secret": "e4f1cbff4275c62f7ad095a5cf8262e55454a9c3",
        "is_verified": false,
        "line_number": 92
      }
    ],
    "data\\pipeline\\07_output\\datasets_5min\\DS3_MACRO_CORE_norm_stats.json": [
      {
        "type": "Hex High Entropy String",
        "filename": "data\\pipeline\\07_output\\datasets_5min\\DS3_MACRO_CORE_norm_stats.json",
        "hashed_secret": "91242f0042f072f523c19adc1a999e71d5e26ba6",
        "is_verified": false,
        "line_number": 128
      }
    ],
    "data\\pipeline\\07_output\\datasets_5min\\DS4_COST_AWARE_norm_stats.json": [
      {
        "type": "Hex High Entropy String",
        "filename": "data\\pipeline\\07_output\\datasets_5min\\DS4_COST_AWARE_norm_stats.json",
        "hashed_secret": "d33c7f88656152756c3626e7ff03b7df5e811f6b",
        "is_verified": false,
        "line_number": 104
      }
    ],
    "data\\pipeline\\07_output\\datasets_5min\\DS5_REGIME_norm_stats.json": [
      {
        "type": "Hex High Entropy String",
        "filename": "data\\pipeline\\07_output\\datasets_5min\\DS5_REGIME_norm_stats.json",
        "hashed_secret": "6c156fa538d82d8f4c9e9c17b28ff8b8c4c7d3b5",
        "is_verified": false,
        "line_number": 152
      }
    ],
    "data\\pipeline\\07_output\\datasets_5min\\DS6_CARRY_TRADE_norm_stats.json": [
      {
        "type": "Hex High Entropy String",
        "filename": "data\\pipeline\\07_output\\datasets_5min\\DS6_CARRY_TRADE_norm_stats.json",
        "hashed_secret": "f32439665966eea3f152a0924f67c4b2065afae4",
        "is_verified": false,
        "line_number": 116
      }
    ],
    "data\\pipeline\\07_output\\datasets_5min\\DS7_COMMODITY_BASKET_norm_stats.json": [
      {
        "type": "Hex High Entropy String",
        "filename": "data\\pipeline\\07_output\\datasets_5min\\DS7_COMMODITY_BASKET_norm_stats.json",
        "hashed_secret": "12ba5bb3d93a080c105276f694e0d9791d326d45",
        "is_verified": false,
        "line_number": 110
      }
    ],
    "data\\pipeline\\07_output\\datasets_5min\\DS8_RISK_SENTIMENT_norm_stats.json": [
      {
        "type": "Hex High Entropy String",
        "filename": "data\\pipeline\\07_output\\datasets_5min\\DS8_RISK_SENTIMENT_norm_stats.json",
        "hashed_secret": "d2c8d2e8cc5923e86416372edcda1cee497cdc76",
        "is_verified": false,
        "line_number": 134
      }
    ],
    "data\\pipeline\\07_output\\datasets_5min\\DS9_FED_WATCH_norm_stats.json": [
      {
        "type": "Hex High Entropy String",
        "filename": "data\\pipeline\\07_output\\datasets_5min\\DS9_FED_WATCH_norm_stats.json",
        "hashed_secret": "00a267a35347703a6a4c36c12b1c504ab6df04d4",
        "is_verified": false,
        "line_number": 110
      }
    ],
    "database\\alembic.ini": [
      {
        "type": "Basic Auth Credentials",
        "filename": "database\\alembic.ini",
        "hashed_secret": "5baa61e4c9b93f3f0682250b6cf8331b7ee68fd8",
        "is_verified": false,
        "line_number": 65
      },
      {
        "type": "Basic Auth Credentials",
        "filename": "database\\alembic.ini",
        "hashed_secret": "afc848c316af1a89d49826c5ae9d00ed769415f3",
        "is_verified": false,
        "line_number": 68
      },
      {
        "type": "Basic Auth Credentials",
        "filename": "database\\alembic.ini",
        "hashed_secret": "9d4e1e23bd5b727046a9e3b4b7db57bd8d6ee684",
        "is_verified": false,
        "line_number": 70
      }
    ],
    "database\\alembic\\env.py": [
      {
        "type": "Basic Auth Credentials",
        "filename": "database\\alembic\\env.py",
        "hashed_secret": "9d4e1e23bd5b727046a9e3b4b7db57bd8d6ee684",
        "is_verified": false,
        "line_number": 9
      },
      {
        "type": "Basic Auth Credentials",
        "filename": "database\\alembic\\env.py",
        "hashed_secret": "5baa61e4c9b93f3f0682250b6cf8331b7ee68fd8",
        "is_verified": false,
        "line_number": 75
      }
    ],
    "database\\migrations\\010_api_keys.sql": [
      {
        "type": "Hex High Entropy String",
        "filename": "database\\migrations\\010_api_keys.sql",
        "hashed_secret": "a542500e96333485fe91e70acdcf52deca48bf1d",
        "is_verified": false,
        "line_number": 232
      }
    ],
    "docker-compose.yml": [
      {
        "type": "Secret Keyword",
        "filename": "docker-compose.yml",
        "hashed_secret": "97cdbdc7feff827efb082a6b6dd2727237cd49fd",
        "is_verified": false,
        "line_number": 631
      },
      {
        "type": "Secret Keyword",
        "filename": "docker-compose.yml",
        "hashed_secret": "69743dc62620d79fb0753ddd35ae4ea56feafc20",
        "is_verified": false,
        "line_number": 691
      }
    ],
    "docs\\MULTI_MODEL_BACKEND.md": [
      {
        "type": "Secret Keyword",
        "filename": "docs\\MULTI_MODEL_BACKEND.md",
        "hashed_secret": "edbd79e64b15105cdaa27fb7efd3c3e054eac138",
        "is_verified": false,
        "line_number": 378
      }
    ],
    "results\\pipeline_20260202_005216.json": [
      {
        "type": "Hex High Entropy String",
        "filename": "results\\pipeline_20260202_005216.json",
        "hashed_secret": "621b3c2b86f40d28ad781c1295d75d750d854d36",
        "is_verified": false,
        "line_number": 14
      },
      {
        "type": "Hex High Entropy String",
        "filename": "results\\pipeline_20260202_005216.json",
        "hashed_secret": "9fde4f0fcc6ff5c31a4da66ad81a478b59b8ce2b",
        "is_verified": false,
        "line_number": 15
      },
      {
        "type": "Hex High Entropy String",
        "filename": "results\\pipeline_20260202_005216.json",
        "hashed_secret": "932c85324d9a18e0e853a184f118af3ded286fa2",
        "is_verified": false,
        "line_number": 16
      },
      {
        "type": "Hex High Entropy String",
        "filename": "results\\pipeline_20260202_005216.json",
        "hashed_secret": "7c4122246096ada6131834634abeae97efb68015",
        "is_verified": false,
        "line_number": 17
      },
      {
        "type": "Hex High Entropy String",
        "filename": "results\\pipeline_20260202_005216.json",
        "hashed_secret": "8a241d2802ed693cc71f687576032d39ddb55d0f",
        "is_verified": false,
        "line_number": 26
      }
    ],
    "results\\pipeline_20260202_005913.json": [
      {
        "type": "Hex High Entropy String",
        "filename": "results\\pipeline_20260202_005913.json",
        "hashed_secret": "8ca49e84654dc692db82572955d569e497e48c6d",
        "is_verified": false,
        "line_number": 11
      },
      {
        "type": "Hex High Entropy String",
        "filename": "results\\pipeline_20260202_005913.json",
        "hashed_secret": "9fde4f0fcc6ff5c31a4da66ad81a478b59b8ce2b",
        "is_verified": false,
        "line_number": 12
      },
      {
        "type": "Hex High Entropy String",
        "filename": "results\\pipeline_20260202_005913.json",
        "hashed_secret": "ebc1c42f100449e8de2d32c5635c7f62abd126e1",
        "is_verified": false,
        "line_number": 13
      },
      {
        "type": "Hex High Entropy String",
        "filename": "results\\pipeline_20260202_005913.json",
        "hashed_secret": "8a241d2802ed693cc71f687576032d39ddb55d0f",
        "is_verified": false,
        "line_number": 23
      }
    ],
    "results\\pipeline_20260202_011237.json": [
      {
        "type": "Hex High Entropy String",
        "filename": "results\\pipeline_20260202_011237.json",
        "hashed_secret": "386e3d31d6d9b85f4cf17668447268efe65e6eb3",
        "is_verified": false,
        "line_number": 11
      },
      {
        "type": "Hex High Entropy String",
        "filename": "results\\pipeline_20260202_011237.json",
        "hashed_secret": "9fde4f0fcc6ff5c31a4da66ad81a478b59b8ce2b",
        "is_verified": false,
        "line_number": 12
      },
      {
        "type": "Hex High Entropy String",
        "filename": "results\\pipeline_20260202_011237.json",
        "hashed_secret": "f1be6a81792a1eab34b7020705780f936c9cab68",
        "is_verified": false,
        "line_number": 13
      },
      {
        "type": "Hex High Entropy String",
        "filename": "results\\pipeline_20260202_011237.json",
        "hashed_secret": "8c3ec98592be809c1b0c65347f17a5f468f2976d",
        "is_verified": false,
        "line_number": 14
      },
      {
        "type": "Hex High Entropy String",
        "filename": "results\\pipeline_20260202_011237.json",
        "hashed_secret": "8a241d2802ed693cc71f687576032d39ddb55d0f",
        "is_verified": false,
        "line_number": 23
      }
    ],
    "results\\pipeline_20260202_013911.json": [
      {
        "type": "Hex High Entropy String",
        "filename": "results\\pipeline_20260202_013911.json",
        "hashed_secret": "cbf0a5718af53036ce21a4a7a514b8f95c68fd18",
        "is_verified": false,
        "line_number": 14
      },
      {
        "type": "Hex High Entropy String",
        "filename": "results\\pipeline_20260202_013911.json",
        "hashed_secret": "9fde4f0fcc6ff5c31a4da66ad81a478b59b8ce2b",
        "is_verified": false,
        "line_number": 15
      },
      {
        "type": "Hex High Entropy String",
        "filename": "results\\pipeline_20260202_013911.json",
        "hashed_secret": "38cd46edcbe387ba2ef431536f85eba9dff0bd9d",
        "is_verified": false,
        "line_number": 16
      },
      {
        "type": "Hex High Entropy String",
        "filename": "results\\pipeline_20260202_013911.json",
        "hashed_secret": "53a708130f5b92d035139172ecba2c608a386247",
        "is_verified": false,
        "line_number": 17
      },
      {
        "type": "Hex High Entropy String",
        "filename": "results\\pipeline_20260202_013911.json",
        "hashed_secret": "8a241d2802ed693cc71f687576032d39ddb55d0f",
        "is_verified": false,
        "line_number": 26
      }
    ],
    "results\\pipeline_20260202_022606.json": [
      {
        "type": "Hex High Entropy String",
        "filename": "results\\pipeline_20260202_022606.json",
        "hashed_secret": "39e328d8892fb5dddd20cdaaaabbc27bae069bcb",
        "is_verified": false,
        "line_number": 11
      },
      {
        "type": "Hex High Entropy String",
        "filename": "results\\pipeline_20260202_022606.json",
        "hashed_secret": "9fde4f0fcc6ff5c31a4da66ad81a478b59b8ce2b",
        "is_verified": false,
        "line_number": 12
      },
      {
        "type": "Hex High Entropy String",
        "filename": "results\\pipeline_20260202_022606.json",
        "hashed_secret": "3b6055305c0169475f4d8e41b090b0c57ef247a5",
        "is_verified": false,
        "line_number": 13
      },
      {
        "type": "Hex High Entropy String",
        "filename": "results\\pipeline_20260202_022606.json",
        "hashed_secret": "7b35e6aa474dcc5d629c4cf8d879a4a8ec2ac577",
        "is_verified": false,
        "line_number": 14
      },
      {
        "type": "Hex High Entropy String",
        "filename": "results\\pipeline_20260202_022606.json",
        "hashed_secret": "8a241d2802ed693cc71f687576032d39ddb55d0f",
        "is_verified": false,
        "line_number": 23
      }
    ],
    "results\\pipeline_20260202_033203.json": [
      {
        "type": "Hex High Entropy String",
        "filename": "results\\pipeline_20260202_033203.json",
        "hashed_secret": "3083fd942402a41764f90120e641d57465289483",
        "is_verified": false,
        "line_number": 14
      },
      {
        "type": "Hex High Entropy String",
        "filename": "results\\pipeline_20260202_033203.json",
        "hashed_secret": "308cfe8835532aaf65fc86ec864c8f449320fc9a",
        "is_verified": false,
        "line_number": 15
      },
      {
        "type": "Hex High Entropy String",
        "filename": "results\\pipeline_20260202_033203.json",
        "hashed_secret": "ae7f99e7b73384ff56d44aef44fb95111b8f5354",
        "is_verified": false,
        "line_number": 16
      },
      {
        "type": "Hex High Entropy String",
        "filename": "results\\pipeline_20260202_033203.json",
        "hashed_secret": "a329dad98a206b6a277f3723d82a18969d8b7575",
        "is_verified": false,
        "line_number": 17
      },
      {
        "type": "Hex High Entropy String",
        "filename": "results\\pipeline_20260202_033203.json",
        "hashed_secret": "92ffd3dec70e602ba079aaab2eb969e2e41e639d",
        "is_verified": false,
        "line_number": 26
      }
    ],
    "results\\pipeline_20260202_093509.json": [
      {
        "type": "Hex High Entropy String",
        "filename": "results\\pipeline_20260202_093509.json",
        "hashed_secret": "9865e04cd01d55e295122b23acbb89330b75f2e5",
        "is_verified": false,
        "line_number": 14
      },
      {
        "type": "Hex High Entropy String",
        "filename": "results\\pipeline_20260202_093509.json",
        "hashed_secret": "308cfe8835532aaf65fc86ec864c8f449320fc9a",
        "is_verified": false,
        "line_number": 15
      },
      {
        "type": "Hex High Entropy String",
        "filename": "results\\pipeline_20260202_093509.json",
        "hashed_secret": "30ef093be4880fc08f221f454db69d0873c4590a",
        "is_verified": false,
        "line_number": 16
      },
      {
        "type": "Hex High Entropy String",
        "filename": "results\\pipeline_20260202_093509.json",
        "hashed_secret": "92ffd3dec70e602ba079aaab2eb969e2e41e639d",
        "is_verified": false,
        "line_number": 26
      }
    ],
    "results\\pipeline_20260202_103827.json": [
      {
        "type": "Hex High Entropy String",
        "filename": "results\\pipeline_20260202_103827.json",
        "hashed_secret": "df0092a17ef4b8a5a8397890d0494f10a23f1a34",
        "is_verified": false,
        "line_number": 14
      },
      {
        "type": "Hex High Entropy String",
        "filename": "results\\pipeline_20260202_103827.json",
        "hashed_secret": "308cfe8835532aaf65fc86ec864c8f449320fc9a",
        "is_verified": false,
        "line_number": 15
      },
      {
        "type": "Hex High Entropy String",
        "filename": "results\\pipeline_20260202_103827.json",
        "hashed_secret": "8a9a8fc1ea470aae049ff4e3fb52a08cfff727d2",
        "is_verified": false,
        "line_number": 16
      },
      {
        "type": "Hex High Entropy String",
        "filename": "results\\pipeline_20260202_103827.json",
        "hashed_secret": "e506766fae1fd1bb03063313b9efd3ab8fe14035",
        "is_verified": false,
        "line_number": 17
      },
      {
        "type": "Hex High Entropy String",
        "filename": "results\\pipeline_20260202_103827.json",
        "hashed_secret": "92ffd3dec70e602ba079aaab2eb969e2e41e639d",
        "is_verified": false,
        "line_number": 26
      }
    ],
    "results\\pipeline_20260202_112721.json": [
      {
        "type": "Hex High Entropy String",
        "filename": "results\\pipeline_20260202_112721.json",
        "hashed_secret": "de81186216b0e145959f104e2aa4bca4713b7ad7",
        "is_verified": false,
        "line_number": 14
      },
      {
        "type": "Hex High Entropy String",
        "filename": "results\\pipeline_20260202_112721.json",
        "hashed_secret": "308cfe8835532aaf65fc86ec864c8f449320fc9a",
        "is_verified": false,
        "line_number": 15
      },
      {
        "type": "Hex High Entropy String",
        "filename": "results\\pipeline_20260202_112721.json",
        "hashed_secret": "7d0da8e63f60f0fac847ae0b67a457557332f04d",
        "is_verified": false,
        "line_number": 16
      },
      {
        "type": "Hex High Entropy String",
        "filename": "results\\pipeline_20260202_112721.json",
        "hashed_secret": "15717632907a5abc5642cb5bd82dcc849e9724ef",
        "is_verified": false,
        "line_number": 17
      },
      {
        "type": "Hex High Entropy String",
        "filename": "results\\pipeline_20260202_112721.json",
        "hashed_secret": "92ffd3dec70e602ba079aaab2eb969e2e41e639d",
        "is_verified": false,
        "line_number": 26
      }
    ],
    "results\\pipeline_20260202_121755.json": [
      {
        "type": "Hex High Entropy String",
        "filename": "results\\pipeline_20260202_121755.json",
        "hashed_secret": "1c696c0b1df06c2bcc708755fc762eb358eabb5f",
        "is_verified": false,
        "line_number": 11
      },
      {
        "type": "Hex High Entropy String",
        "filename": "results\\pipeline_20260202_121755.json",
        "hashed_secret": "bf2ad82911f1c350bac20755154acbbe1dbd698a",
        "is_verified": false,
        "line_number": 12
      },
      {
        "type": "Hex High Entropy String",
        "filename": "results\\pipeline_20260202_121755.json",
        "hashed_secret": "a3fc9a32b203ad7a08f1b26850a76d74a6dfbbd8",
        "is_verified": false,
        "line_number": 13
      },
      {
        "type": "Hex High Entropy String",
        "filename": "results\\pipeline_20260202_121755.json",
        "hashed_secret": "40069aa98d503d3b51b204d1ba73f334ecad993e",
        "is_verified": false,
        "line_number": 14
      },
      {
        "type": "Hex High Entropy String",
        "filename": "results\\pipeline_20260202_121755.json",
        "hashed_secret": "92ffd3dec70e602ba079aaab2eb969e2e41e639d",
        "is_verified": false,
        "line_number": 23
      }
    ],
    "results\\pipeline_20260202_130732.json": [
      {
        "type": "Hex High Entropy String",
        "filename": "results\\pipeline_20260202_130732.json",
        "hashed_secret": "4ccd3558370730e8b99f02cd31c9a66d42f4f03c",
        "is_verified": false,
        "line_number": 14
      },
      {
        "type": "Hex High Entropy String",
        "filename": "results\\pipeline_20260202_130732.json",
        "hashed_secret": "bf2ad82911f1c350bac20755154acbbe1dbd698a",
        "is_verified": false,
        "line_number": 15
      },
      {
        "type": "Hex High Entropy String",
        "filename": "results\\pipeline_20260202_130732.json",
        "hashed_secret": "38dc4c1a8a21da4955ec4eecc57cc10102b2d6e8",
        "is_verified": false,
        "line_number": 16
      },
      {
        "type": "Hex High Entropy String",
        "filename": "results\\pipeline_20260202_130732.json",
        "hashed_secret": "74fda5d169427981ae9e21c5b6c9b8e1fe5b4a8b",
        "is_verified": false,
        "line_number": 17
      },
      {
        "type": "Hex High Entropy String",
        "filename": "results\\pipeline_20260202_130732.json",
        "hashed_secret": "92ffd3dec70e602ba079aaab2eb969e2e41e639d",
        "is_verified": false,
        "line_number": 26
      }
    ],
    "results\\pipeline_20260202_143321.json": [
      {
        "type": "Hex High Entropy String",
        "filename": "results\\pipeline_20260202_143321.json",
        "hashed_secret": "144356bc42b28bf3a678ca2365f756456210c25f",
        "is_verified": false,
        "line_number": 14
      },
      {
        "type": "Hex High Entropy String",
        "filename": "results\\pipeline_20260202_143321.json",
        "hashed_secret": "bf2ad82911f1c350bac20755154acbbe1dbd698a",
        "is_verified": false,
        "line_number": 15
      },
      {
        "type": "Hex High Entropy String",
        "filename": "results\\pipeline_20260202_143321.json",
        "hashed_secret": "420768da2542c540a77ac79ee2d54a4d2d0a5d34",
        "is_verified": false,
        "line_number": 16
      },
      {
        "type": "Hex High Entropy String",
        "filename": "results\\pipeline_20260202_143321.json",
        "hashed_secret": "7c317881a8f3a38dd3f134952e49e8c00f226646",
        "is_verified": false,
        "line_number": 17
      },
      {
        "type": "Hex High Entropy String",
        "filename": "results\\pipeline_20260202_143321.json",
        "hashed_secret": "92ffd3dec70e602ba079aaab2eb969e2e41e639d",
        "is_verified": false,
        "line_number": 26
      }
    ],
    "results\\pipeline_20260202_151516.json": [
      {
        "type": "Hex High Entropy String",
        "filename": "results\\pipeline_20260202_151516.json",
        "hashed_secret": "bcf7e73ecac0cab26fe30633054256088cc10793",
        "is_verified": false,
        "line_number": 11
      },
      {
        "type": "Hex High Entropy String",
        "filename": "results\\pipeline_20260202_151516.json",
        "hashed_secret": "bf2ad82911f1c350bac20755154acbbe1dbd698a",
        "is_verified": false,
        "line_number": 12
      },
      {
        "type": "Hex High Entropy String",
        "filename": "results\\pipeline_20260202_151516.json",
        "hashed_secret": "eca72d155de1a3b421c01f1fb372c4249545705b",
        "is_verified": false,
        "line_number": 13
      },
      {
        "type": "Hex High Entropy String",
        "filename": "results\\pipeline_20260202_151516.json",
        "hashed_secret": "8976fbdbe00eb2d27698f0602a8ebe0427dc9f7e",
        "is_verified": false,
        "line_number": 14
      },
      {
        "type": "Hex High Entropy String",
        "filename": "results\\pipeline_20260202_151516.json",
        "hashed_secret": "92ffd3dec70e602ba079aaab2eb969e2e41e639d",
        "is_verified": false,
        "line_number": 23
      }
    ],
    "results\\pipeline_20260202_163730.json": [
      {
        "type": "Hex High Entropy String",
        "filename": "results\\pipeline_20260202_163730.json",
        "hashed_secret": "6e9ec78b07ead8ef2dc6035f50cb860926cc8989",
        "is_verified": false,
        "line_number": 11
      },
      {
        "type": "Hex High Entropy String",
        "filename": "results\\pipeline_20260202_163730.json",
        "hashed_secret": "bf2ad82911f1c350bac20755154acbbe1dbd698a",
        "is_verified": false,
        "line_number": 12
      },
      {
        "type": "Hex High Entropy String",
        "filename": "results\\pipeline_20260202_163730.json",
        "hashed_secret": "f7baa4a46fed7fecc1330d671bdd8ab41c293b94",
        "is_verified": false,
        "line_number": 13
      },
      {
        "type": "Hex High Entropy String",
        "filename": "results\\pipeline_20260202_163730.json",
        "hashed_secret": "a5ada6f918d4672b636325043158d351019c9406",
        "is_verified": false,
        "line_number": 14
      },
      {
        "type": "Hex High Entropy String",
        "filename": "results\\pipeline_20260202_163730.json",
        "hashed_secret": "92ffd3dec70e602ba079aaab2eb969e2e41e639d",
        "is_verified": false,
        "line_number": 23
      }
    ],
    "results\\pipeline_20260202_174759.json": [
      {
        "type": "Hex High Entropy String",
        "filename": "results\\pipeline_20260202_174759.json",
        "hashed_secret": "7da1834d335eba5542b08629a6321acd03fa3923",
        "is_verified": false,
        "line_number": 14
      },
      {
        "type": "Hex High Entropy String",
        "filename": "results\\pipeline_20260202_174759.json",
        "hashed_secret": "bf2ad82911f1c350bac20755154acbbe1dbd698a",
        "is_verified": false,
        "line_number": 15
      },
      {
        "type": "Hex High Entropy String",
        "filename": "results\\pipeline_20260202_174759.json",
        "hashed_secret": "554d50e4c6447f8f08056e0f449b70ce54292790",
        "is_verified": false,
        "line_number": 16
      },
      {
        "type": "Hex High Entropy String",
        "filename": "results\\pipeline_20260202_174759.json",
        "hashed_secret": "92ffd3dec70e602ba079aaab2eb969e2e41e639d",
        "is_verified": false,
        "line_number": 26
      }
    ],
    "results\\pipeline_20260202_204312.json": [
      {
        "type": "Hex High Entropy String",
        "filename": "results\\pipeline_20260202_204312.json",
        "hashed_secret": "22622ed3cd97f43728eef116aba335b5f3353e21",
        "is_verified": false,
        "line_number": 14
      },
      {
        "type": "Hex High Entropy String",
        "filename": "results\\pipeline_20260202_204312.json",
        "hashed_secret": "bf2ad82911f1c350bac20755154acbbe1dbd698a",
        "is_verified": false,
        "line_number": 15
      },
      {
        "type": "Hex High Entropy String",
        "filename": "results\\pipeline_20260202_204312.json",
        "hashed_secret": "0b57219fa6bcebb0ccec7a7ac766638964003838",
        "is_verified": false,
        "line_number": 16
      },
      {
        "type": "Hex High Entropy String",
        "filename": "results\\pipeline_20260202_204312.json",
        "hashed_secret": "8b57f1e25faf154e269152c3a339f715f692ba12",
        "is_verified": false,
        "line_number": 17
      },
      {
        "type": "Hex High Entropy String",
        "filename": "results\\pipeline_20260202_204312.json",
        "hashed_secret": "92ffd3dec70e602ba079aaab2eb969e2e41e639d",
        "is_verified": false,
        "line_number": 26
      }
    ],
    "results\\pipeline_20260202_212135.json": [
      {
        "type": "Hex High Entropy String",
        "filename": "results\\pipeline_20260202_212135.json",
        "hashed_secret": "09f411c16a04c0379227b270c6717d4e4dc1c056",
        "is_verified": false,
        "line_number": 11
      },
      {
        "type": "Hex High Entropy String",
        "filename": "results\\pipeline_20260202_212135.json",
        "hashed_secret": "bf2ad82911f1c350bac20755154acbbe1dbd698a",
        "is_verified": false,
        "line_number": 12
      },
      {
        "type": "Hex High Entropy String",
        "filename": "results\\pipeline_20260202_212135.json",
        "hashed_secret": "37951b668d2bd6a0bdee88509352809c61666231",
        "is_verified": false,
        "line_number": 13
      },
      {
        "type": "Hex High Entropy String",
        "filename": "results\\pipeline_20260202_212135.json",
        "hashed_secret": "92ffd3dec70e602ba079aaab2eb969e2e41e639d",
        "is_verified": false,
        "line_number": 23
      }
    ],
    "results\\pipeline_20260202_215406.json": [
      {
        "type": "Hex High Entropy String",
        "filename": "results\\pipeline_20260202_215406.json",
        "hashed_secret": "0a03e5a3126e3357e6f369192863baf679889ced",
        "is_verified": false,
        "line_number": 14
      },
      {
        "type": "Hex High Entropy String",
        "filename": "results\\pipeline_20260202_215406.json",
        "hashed_secret": "bf2ad82911f1c350bac20755154acbbe1dbd698a",
        "is_verified": false,
        "line_number": 15
      },
      {
        "type": "Hex High Entropy String",
        "filename": "results\\pipeline_20260202_215406.json",
        "hashed_secret": "92e01c2e6d7a44535fcbcbafacf5a07405b02a59",
        "is_verified": false,
        "line_number": 16
      },
      {
        "type": "Hex High Entropy String",
        "filename": "results\\pipeline_20260202_215406.json",
        "hashed_secret": "c05600387c177e7cf378319f6c1918cdd3fa6630",
        "is_verified": false,
        "line_number": 17
      },
      {
        "type": "Hex High Entropy String",
        "filename": "results\\pipeline_20260202_215406.json",
        "hashed_secret": "92ffd3dec70e602ba079aaab2eb969e2e41e639d",
        "is_verified": false,
        "line_number": 26
      }
    ],
    "results\\pipeline_20260202_222340.json": [
      {
        "type": "Hex High Entropy String",
        "filename": "results\\pipeline_20260202_222340.json",
        "hashed_secret": "2b7ded21608d8dcaa16338c34aacbf726d856b7b",
        "is_verified": false,
        "line_number": 14
      },
      {
        "type": "Hex High Entropy String",
        "filename": "results\\pipeline_20260202_222340.json",
        "hashed_secret": "bf2ad82911f1c350bac20755154acbbe1dbd698a",
        "is_verified": false,
        "line_number": 15
      },
      {
        "type": "Hex High Entropy String",
        "filename": "results\\pipeline_20260202_222340.json",
        "hashed_secret": "9662bdecf9b75f7e867ecdf9dd7e0c83f2efbe4b",
        "is_verified": false,
        "line_number": 16
      },
      {
        "type": "Hex High Entropy String",
        "filename": "results\\pipeline_20260202_222340.json",
        "hashed_secret": "92ffd3dec70e602ba079aaab2eb969e2e41e639d",
        "is_verified": false,
        "line_number": 26
      }
    ],
    "results\\pipeline_20260202_232923.json": [
      {
        "type": "Hex High Entropy String",
        "filename": "results\\pipeline_20260202_232923.json",
        "hashed_secret": "61e93cf0f2f2e5e4a5dc8b71cea3b52c31dbc4f7",
        "is_verified": false,
        "line_number": 14
      },
      {
        "type": "Hex High Entropy String",
        "filename": "results\\pipeline_20260202_232923.json",
        "hashed_secret": "bf2ad82911f1c350bac20755154acbbe1dbd698a",
        "is_verified": false,
        "line_number": 15
      },
      {
        "type": "Hex High Entropy String",
        "filename": "results\\pipeline_20260202_232923.json",
        "hashed_secret": "884993972e03beb65212024a8e771892badc4a83",
        "is_verified": false,
        "line_number": 16
      },
      {
        "type": "Hex High Entropy String",
        "filename": "results\\pipeline_20260202_232923.json",
        "hashed_secret": "d7f31037fefae82044935df61a59310423d88c99",
        "is_verified": false,
        "line_number": 17
      },
      {
        "type": "Hex High Entropy String",
        "filename": "results\\pipeline_20260202_232923.json",
        "hashed_secret": "92ffd3dec70e602ba079aaab2eb969e2e41e639d",
        "is_verified": false,
        "line_number": 26
      }
    ],
    "results\\pipeline_20260203_002129.json": [
      {
        "type": "Hex High Entropy String",
        "filename": "results\\pipeline_20260203_002129.json",
        "hashed_secret": "9f59916f3e9053f55306500c1b2137954b7bfb52",
        "is_verified": false,
        "line_number": 14
      },
      {
        "type": "Hex High Entropy String",
        "filename": "results\\pipeline_20260203_002129.json",
        "hashed_secret": "bf2ad82911f1c350bac20755154acbbe1dbd698a",
        "is_verified": false,
        "line_number": 15
      },
      {
        "type": "Hex High Entropy String",
        "filename": "results\\pipeline_20260203_002129.json",
        "hashed_secret": "8a994b81e04ad50b5bddb1fd5ed2b81f75239a8e",
        "is_verified": false,
        "line_number": 16
      },
      {
        "type": "Hex High Entropy String",
        "filename": "results\\pipeline_20260203_002129.json",
        "hashed_secret": "a192345089f4c242e3137420413686ab133c2d84",
        "is_verified": false,
        "line_number": 17
      },
      {
        "type": "Hex High Entropy String",
        "filename": "results\\pipeline_20260203_002129.json",
        "hashed_secret": "92ffd3dec70e602ba079aaab2eb969e2e41e639d",
        "is_verified": false,
        "line_number": 26
      }
    ],
    "results\\pipeline_20260203_101849.json": [
      {
        "type": "Hex High Entropy String",
        "filename": "results\\pipeline_20260203_101849.json",
        "hashed_secret": "5c580cdd88a8219694d5274f807087054747fbff",
        "is_verified": false,
        "line_number": 14
      },
      {
        "type": "Hex High Entropy String",
        "filename": "results\\pipeline_20260203_101849.json",
        "hashed_secret": "dc638a1086e77fc451609308307546ae1c465ef9",
        "is_verified": false,
        "line_number": 15
      },
      {
        "type": "Hex High Entropy String",
        "filename": "results\\pipeline_20260203_101849.json",
        "hashed_secret": "4f79b930df5e2f5919efa34cff0424c22c329cea",
        "is_verified": false,
        "line_number": 16
      },
      {
        "type": "Hex High Entropy String",
        "filename": "results\\pipeline_20260203_101849.json",
        "hashed_secret": "5d13f17315b803f3d5610c4d297782c85e1fe348",
        "is_verified": false,
        "line_number": 17
      },
      {
        "type": "Hex High Entropy String",
        "filename": "results\\pipeline_20260203_101849.json",
        "hashed_secret": "8c1557a4f9f64077d950c761dd0f9b77a76e6884",
        "is_verified": false,
        "line_number": 26
      }
    ],
    "scripts\\insert_l4_proposal.py": [
      {
        "type": "Basic Auth Credentials",
        "filename": "scripts\\insert_l4_proposal.py",
        "hashed_secret": "f865b53623b121fd34ee5426c792e5c33af8c227",
        "is_verified": false,
        "line_number": 322
      }
    ],
    "scripts\\insert_l4_proposal.sql": [
      {
        "type": "Hex High Entropy String",
        "filename": "scripts\\insert_l4_proposal.sql",
        "hashed_secret": "90bd1b48e958257948487b90bee080ba5ed00caa",
        "is_verified": false,
        "line_number": 91
      }
    ],
    "scripts\\pentest_checklist.py": [
      {
        "type": "Secret Keyword",
        "filename": "scripts\\pentest_checklist.py",
        "hashed_secret": "159500287c06851df741128ec4b073ea394414b6",
        "is_verified": false,
        "line_number": 187
      }
    ],
    "scripts\\populate_l4_trades.py": [
      {
        "type": "Secret Keyword",
        "filename": "scripts\\populate_l4_trades.py",
        "hashed_secret": "f865b53623b121fd34ee5426c792e5c33af8c227",
        "is_verified": false,
        "line_number": 38
      }
    ],
    "scripts\\regenerate_l4_trades_2025_only.py": [
      {
        "type": "Secret Keyword",
        "filename": "scripts\\regenerate_l4_trades_2025_only.py",
        "hashed_secret": "f865b53623b121fd34ee5426c792e5c33af8c227",
        "is_verified": false,
        "line_number": 35
      }
    ],
    "scripts\\regenerate_l4_trades_correct.py": [
      {
        "type": "Secret Keyword",
        "filename": "scripts\\regenerate_l4_trades_correct.py",
        "hashed_secret": "f865b53623b121fd34ee5426c792e5c33af8c227",
        "is_verified": false,
        "line_number": 48
      }
    ],
    "scripts\\rotate_db_password.py": [
      {
        "type": "Secret Keyword",
        "filename": "scripts\\rotate_db_password.py",
        "hashed_secret": "2480b5da6a9dc063969b27532e8dc28c47fc7e2c",
        "is_verified": false,
        "line_number": 78
      }
    ],
    "scripts\\run_dynamic_backtest.py": [
      {
        "type": "Secret Keyword",
        "filename": "scripts\\run_dynamic_backtest.py",
        "hashed_secret": "f865b53623b121fd34ee5426c792e5c33af8c227",
        "is_verified": false,
        "line_number": 48
      }
    ],
    "scripts\\seed_database.py": [
      {
        "type": "Basic Auth Credentials",
        "filename": "scripts\\seed_database.py",
        "hashed_secret": "9d4e1e23bd5b727046a9e3b4b7db57bd8d6ee684",
        "is_verified": false,
        "line_number": 13
      },
      {
        "type": "Basic Auth Credentials",
        "filename": "scripts\\seed_database.py",
        "hashed_secret": "a31f0db8caea0a61995e27920e5a1da0c0128998",
        "is_verified": false,
        "line_number": 36
      }
    ],
    "scripts\\seed_fact_forecasts.py": [
      {
        "type": "Secret Keyword",
        "filename": "scripts\\seed_fact_forecasts.py",
        "hashed_secret": "f865b53623b121fd34ee5426c792e5c33af8c227",
        "is_verified": false,
        "line_number": 36
      }
    ],
    "scripts\\setup_demo_environment.py": [
      {
        "type": "Basic Auth Credentials",
        "filename": "scripts\\setup_demo_environment.py",
        "hashed_secret": "f865b53623b121fd34ee5426c792e5c33af8c227",
        "is_verified": false,
        "line_number": 48
      },
      {
        "type": "Hex High Entropy String",
        "filename": "scripts\\setup_demo_environment.py",
        "hashed_secret": "90bd1b48e958257948487b90bee080ba5ed00caa",
        "is_verified": false,
        "line_number": 142
      }
    ],
    "scripts\\vault\\init_vault.sh": [
      {
        "type": "Secret Keyword",
        "filename": "scripts\\vault\\init_vault.sh",
        "hashed_secret": "e5e9fa1ba31ecd1ae84f75caaa474f3a663f05f4",
        "is_verified": false,
        "line_number": 47
      }
    ],
    "seeds\\latest\\manifest.json": [
      {
        "type": "Hex High Entropy String",
        "filename": "seeds\\latest\\manifest.json",
        "hashed_secret": "93cda89be091275ea49919bab95a5ad9a3de9947",
        "is_verified": false,
        "line_number": 18
      },
      {
        "type": "Hex High Entropy String",
        "filename": "seeds\\latest\\manifest.json",
        "hashed_secret": "b607cd324fc5c73ae21bf3c1ae0d178126821b13",
        "is_verified": false,
        "line_number": 28
      }
    ],
    "services\\inference_api\\main.py": [
      {
        "type": "Secret Keyword",
        "filename": "services\\inference_api\\main.py",
        "hashed_secret": "a5c01e694764bcf09315443c6476e283e6f77906",
        "is_verified": false,
        "line_number": 122
      }
    ],
    "services\\inference_api\\middleware\\errors.py": [
      {
        "type": "Secret Keyword",
        "filename": "services\\inference_api\\middleware\\errors.py",
        "hashed_secret": "86c15762a17714dcb159472c56cafc354cdc41ba",
        "is_verified": false,
        "line_number": 62
      }
    ],
    "services\\signalbridge_api\\.env.example": [
      {
        "type": "Basic Auth Credentials",
        "filename": "services\\signalbridge_api\\.env.example",
        "hashed_secret": "afc848c316af1a89d49826c5ae9d00ed769415f3",
        "is_verified": false,
        "line_number": 8
      }
    ],
    "services\\signalbridge_api\\alembic.ini": [
      {
        "type": "Basic Auth Credentials",
        "filename": "services\\signalbridge_api\\alembic.ini",
        "hashed_secret": "9d4e1e23bd5b727046a9e3b4b7db57bd8d6ee684",
        "is_verified": false,
        "line_number": 39
      }
    ],
    "services\\signalbridge_api\\app\\adapters\\mock.py": [
      {
        "type": "Secret Keyword",
        "filename": "services\\signalbridge_api\\app\\adapters\\mock.py",
        "hashed_secret": "00942f4668670f34c5943cf52c7ef3139fe2b8d6",
        "is_verified": false,
        "line_number": 46
      },
      {
        "type": "Secret Keyword",
        "filename": "services\\signalbridge_api\\app\\adapters\\mock.py",
        "hashed_secret": "72cb70dbbafe97e5ea13ad88acd65d08389439b0",
        "is_verified": false,
        "line_number": 47
      }
    ],
    "services\\signalbridge_api\\app\\core\\config.py": [
      {
        "type": "Basic Auth Credentials",
        "filename": "services\\signalbridge_api\\app\\core\\config.py",
        "hashed_secret": "afc848c316af1a89d49826c5ae9d00ed769415f3",
        "is_verified": false,
        "line_number": 31
      }
    ],
    "services\\signalbridge_api\\app\\services\\api_key_validator.py": [
      {
        "type": "Secret Keyword",
        "filename": "services\\signalbridge_api\\app\\services\\api_key_validator.py",
        "hashed_secret": "89a6cfe2a229151e8055abee107d45ed087bbb4f",
        "is_verified": false,
        "line_number": 55
      },
      {
        "type": "Secret Keyword",
        "filename": "services\\signalbridge_api\\app\\services\\api_key_validator.py",
        "hashed_secret": "fff888918679e9c3323b54bd121fc328dae7bc60",
        "is_verified": false,
        "line_number": 56
      }
    ],
    "src\\infrastructure\\repositories\\minio_repository.py": [
      {
        "type": "Secret Keyword",
        "filename": "src\\infrastructure\\repositories\\minio_repository.py",
        "hashed_secret": "bc565f6e909ec7d3c18e2ff5d9eeb2300ff20b7f",
        "is_verified": false,
        "line_number": 80
      }
    ],
    "src\\shared\\config_loader.py": [
      {
        "type": "Secret Keyword",
        "filename": "src\\shared\\config_loader.py",
        "hashed_secret": "d033e22ae348aeb5660fc2140aec35850c4da997",
        "is_verified": false,
        "line_number": 145
      }
    ],
    "src\\utils\\hash_utils.py": [
      {
        "type": "Hex High Entropy String",
        "filename": "src\\utils\\hash_utils.py",
        "hashed_secret": "bc4db52dee09e9c3fd09b939e911b35da9c250f4",
        "is_verified": false,
        "line_number": 101
      }
    ],
    "test-auth.json": [
      {
        "type": "Secret Keyword",
        "filename": "test-auth.json",
        "hashed_secret": "0622ec72283742a78e479f2e04aa1bc91c45a3a1",
        "is_verified": false,
        "line_number": 1
      }
    ],
    "test_auth.py": [
      {
        "type": "Secret Keyword",
        "filename": "test_auth.py",
        "hashed_secret": "0622ec72283742a78e479f2e04aa1bc91c45a3a1",
        "is_verified": false,
        "line_number": 5
      }
    ],
    "tests\\chaos\\test_event_resilience.py": [
      {
        "type": "Basic Auth Credentials",
        "filename": "tests\\chaos\\test_event_resilience.py",
        "hashed_secret": "afc848c316af1a89d49826c5ae9d00ed769415f3",
        "is_verified": false,
        "line_number": 53
      }
    ],
    "tests\\conftest.py": [
      {
        "type": "Hex High Entropy String",
        "filename": "tests\\conftest.py",
        "hashed_secret": "90bd1b48e958257948487b90bee080ba5ed00caa",
        "is_verified": false,
        "line_number": 902
      }
    ],
    "tests\\integration\\test_database_schema.py": [
      {
        "type": "Basic Auth Credentials",
        "filename": "tests\\integration\\test_database_schema.py",
        "hashed_secret": "f865b53623b121fd34ee5426c792e5c33af8c227",
        "is_verified": false,
        "line_number": 45
      }
    ],
    "tests\\integration\\test_event_driven_v7.py": [
      {
        "type": "Basic Auth Credentials",
        "filename": "tests\\integration\\test_event_driven_v7.py",
        "hashed_secret": "afc848c316af1a89d49826c5ae9d00ed769415f3",
        "is_verified": false,
        "line_number": 47
      }
    ],
    "tests\\unit\\extractors\\test_extractors.py": [
      {
        "type": "Secret Keyword",
        "filename": "tests\\unit\\extractors\\test_extractors.py",
        "hashed_secret": "767ef7376d44bb6e52b390ddcd12c1cb1b3902a4",
        "is_verified": false,
        "line_number": 76
      },
      {
        "type": "Secret Keyword",
        "filename": "tests\\unit\\extractors\\test_extractors.py",
        "hashed_secret": "00942f4668670f34c5943cf52c7ef3139fe2b8d6",
        "is_verified": false,
        "line_number": 557
      }
    ],
    "tests\\unit\\test_storage_repositories.py": [
      {
        "type": "Hex High Entropy String",
        "filename": "tests\\unit\\test_storage_repositories.py",
        "hashed_secret": "90bd1b48e958257948487b90bee080ba5ed00caa",
        "is_verified": false,
        "line_number": 120
      }
    ],
    "tests\\unit\\test_training_callbacks.py": [
      {
        "type": "Basic Auth Credentials",
        "filename": "tests\\unit\\test_training_callbacks.py",
        "hashed_secret": "81f344a7686a80b4c5293e8fdc0b0160c82c06a8",
        "is_verified": false,
        "line_number": 270
      }
    ],
    "usdcop-trading-dashboard\\Dockerfile.prod": [
      {
        "type": "Basic Auth Credentials",
        "filename": "usdcop-trading-dashboard\\Dockerfile.prod",
        "hashed_secret": "55d82fe4b241e416525dfc4cea94a0595d5dd107",
        "is_verified": false,
        "line_number": 42
      }
    ],
    "usdcop-trading-dashboard\\components\\execution\\exchanges\\ConnectExchangeForm.tsx": [
      {
        "type": "Secret Keyword",
        "filename": "usdcop-trading-dashboard\\components\\execution\\exchanges\\ConnectExchangeForm.tsx",
        "hashed_secret": "6c38d59e78a8a31d809aad361cf8092c244661b7",
        "is_verified": false,
        "line_number": 36
      }
    ],
    "usdcop-trading-dashboard\\lib\\services\\execution\\auth.service.ts": [
      {
        "type": "Secret Keyword",
        "filename": "usdcop-trading-dashboard\\lib\\services\\execution\\auth.service.ts",
        "hashed_secret": "cbfdac6008f9cab4083784cbd1874f76618d2a97",
        "is_verified": false,
        "line_number": 73
      }
    ]
  },
  "generated_at": "2026-03-15T06:02:20Z"
}
